running egg_info
writing ../../build/spine_robot_gui/spine_robot_gui.egg-info/PKG-INFO
writing dependency_links to ../../build/spine_robot_gui/spine_robot_gui.egg-info/dependency_links.txt
writing entry points to ../../build/spine_robot_gui/spine_robot_gui.egg-info/entry_points.txt
writing requirements to ../../build/spine_robot_gui/spine_robot_gui.egg-info/requires.txt
writing top-level names to ../../build/spine_robot_gui/spine_robot_gui.egg-info/top_level.txt
reading manifest file '../../build/spine_robot_gui/spine_robot_gui.egg-info/SOURCES.txt'
adding license file 'LICENSE'
writing manifest file '../../build/spine_robot_gui/spine_robot_gui.egg-info/SOURCES.txt'
running build
running build_py
running install
running install_lib
running install_data
running install_egg_info
removing '/home/michelle/spine_robot_gui/install/spine_robot_gui/lib/python3.10/site-packages/spine_robot_gui-1.0.0-py3.10.egg-info' (and everything under it)
Copying ../../build/spine_robot_gui/spine_robot_gui.egg-info to /home/michelle/spine_robot_gui/install/spine_robot_gui/lib/python3.10/site-packages/spine_robot_gui-1.0.0-py3.10.egg-info
running install_scripts
Installing main script to /home/michelle/spine_robot_gui/install/spine_robot_gui/lib/spine_robot_gui
writing list of installed files to '/home/michelle/spine_robot_gui/build/spine_robot_gui/install.log'
