[0.522s] Invoking command in '/home/michelle/spine_robot_gui/src/spine_robot_gui': CONDA_PROMPT_MODIFIER=(base) PYTHONPATH=/home/michelle/spine_robot_gui/build/spine_robot_gui/prefix_override:/usr/lib/python3/dist-packages/colcon_core/task/python/colcon_distutils_commands:/home/michelle/spine_robot_gui/install/spine_robot_gui/lib/python3.10/site-packages:${PYTHONPATH} /usr/bin/python3 -W ignore:setup.py install is deprecated -W ignore:easy_install command is deprecated setup.py egg_info --egg-base ../../build/spine_robot_gui build --build-base /home/michelle/spine_robot_gui/build/spine_robot_gui/build install --record /home/michelle/spine_robot_gui/build/spine_robot_gui/install.log --single-version-externally-managed install_data
[0.734s] running egg_info
[0.735s] writing ../../build/spine_robot_gui/spine_robot_gui.egg-info/PKG-INFO
[0.743s] writing dependency_links to ../../build/spine_robot_gui/spine_robot_gui.egg-info/dependency_links.txt
[0.743s] writing entry points to ../../build/spine_robot_gui/spine_robot_gui.egg-info/entry_points.txt
[0.744s] writing requirements to ../../build/spine_robot_gui/spine_robot_gui.egg-info/requires.txt
[0.744s] writing top-level names to ../../build/spine_robot_gui/spine_robot_gui.egg-info/top_level.txt
[0.746s] reading manifest file '../../build/spine_robot_gui/spine_robot_gui.egg-info/SOURCES.txt'
[0.746s] adding license file 'LICENSE'
[0.747s] writing manifest file '../../build/spine_robot_gui/spine_robot_gui.egg-info/SOURCES.txt'
[0.747s] running build
[0.747s] running build_py
[0.748s] copying spine_robot_gui/serial_node.py -> /home/michelle/spine_robot_gui/build/spine_robot_gui/build/lib/spine_robot_gui
[0.748s] running install
[0.748s] running install_lib
[0.749s] copying /home/michelle/spine_robot_gui/build/spine_robot_gui/build/lib/spine_robot_gui/serial_node.py -> /home/michelle/spine_robot_gui/install/spine_robot_gui/lib/python3.10/site-packages/spine_robot_gui
[0.749s] byte-compiling /home/michelle/spine_robot_gui/install/spine_robot_gui/lib/python3.10/site-packages/spine_robot_gui/serial_node.py to serial_node.cpython-310.pyc
[0.750s] running install_data
[0.750s] running install_egg_info
[0.751s] removing '/home/michelle/spine_robot_gui/install/spine_robot_gui/lib/python3.10/site-packages/spine_robot_gui-1.0.0-py3.10.egg-info' (and everything under it)
[0.751s] Copying ../../build/spine_robot_gui/spine_robot_gui.egg-info to /home/michelle/spine_robot_gui/install/spine_robot_gui/lib/python3.10/site-packages/spine_robot_gui-1.0.0-py3.10.egg-info
[0.752s] running install_scripts
[0.770s] Installing main script to /home/michelle/spine_robot_gui/install/spine_robot_gui/lib/spine_robot_gui
[0.770s] writing list of installed files to '/home/michelle/spine_robot_gui/build/spine_robot_gui/install.log'
[0.788s] Invoked command in '/home/michelle/spine_robot_gui/src/spine_robot_gui' returned '0': CONDA_PROMPT_MODIFIER=(base) PYTHONPATH=/home/michelle/spine_robot_gui/build/spine_robot_gui/prefix_override:/usr/lib/python3/dist-packages/colcon_core/task/python/colcon_distutils_commands:/home/michelle/spine_robot_gui/install/spine_robot_gui/lib/python3.10/site-packages:${PYTHONPATH} /usr/bin/python3 -W ignore:setup.py install is deprecated -W ignore:easy_install command is deprecated setup.py egg_info --egg-base ../../build/spine_robot_gui build --build-base /home/michelle/spine_robot_gui/build/spine_robot_gui/build install --record /home/michelle/spine_robot_gui/build/spine_robot_gui/install.log --single-version-externally-managed install_data
