/home/michelle/spine_robot_gui/install/spine_robot_gui/lib/python3.10/site-packages/spine_robot_gui/gui_node.py
/home/michelle/spine_robot_gui/install/spine_robot_gui/lib/python3.10/site-packages/spine_robot_gui/__init__.py
/home/michelle/spine_robot_gui/install/spine_robot_gui/lib/python3.10/site-packages/spine_robot_gui/serial_node.py
/home/michelle/spine_robot_gui/install/spine_robot_gui/lib/python3.10/site-packages/spine_robot_gui/main.py
/home/michelle/spine_robot_gui/install/spine_robot_gui/lib/python3.10/site-packages/spine_robot_gui/gui.py
/home/michelle/spine_robot_gui/install/spine_robot_gui/lib/python3.10/site-packages/spine_robot_gui/__pycache__/gui_node.cpython-310.pyc
/home/michelle/spine_robot_gui/install/spine_robot_gui/lib/python3.10/site-packages/spine_robot_gui/__pycache__/__init__.cpython-310.pyc
/home/michelle/spine_robot_gui/install/spine_robot_gui/lib/python3.10/site-packages/spine_robot_gui/__pycache__/serial_node.cpython-310.pyc
/home/michelle/spine_robot_gui/install/spine_robot_gui/lib/python3.10/site-packages/spine_robot_gui/__pycache__/main.cpython-310.pyc
/home/michelle/spine_robot_gui/install/spine_robot_gui/lib/python3.10/site-packages/spine_robot_gui/__pycache__/gui.cpython-310.pyc
/home/michelle/spine_robot_gui/install/spine_robot_gui/share/ament_index/resource_index/packages/spine_robot_gui
/home/michelle/spine_robot_gui/install/spine_robot_gui/share/spine_robot_gui/package.xml
/home/michelle/spine_robot_gui/install/spine_robot_gui/lib/python3.10/site-packages/spine_robot_gui-1.0.0-py3.10.egg-info/top_level.txt
/home/michelle/spine_robot_gui/install/spine_robot_gui/lib/python3.10/site-packages/spine_robot_gui-1.0.0-py3.10.egg-info/requires.txt
/home/michelle/spine_robot_gui/install/spine_robot_gui/lib/python3.10/site-packages/spine_robot_gui-1.0.0-py3.10.egg-info/entry_points.txt
/home/michelle/spine_robot_gui/install/spine_robot_gui/lib/python3.10/site-packages/spine_robot_gui-1.0.0-py3.10.egg-info/zip-safe
/home/michelle/spine_robot_gui/install/spine_robot_gui/lib/python3.10/site-packages/spine_robot_gui-1.0.0-py3.10.egg-info/PKG-INFO
/home/michelle/spine_robot_gui/install/spine_robot_gui/lib/python3.10/site-packages/spine_robot_gui-1.0.0-py3.10.egg-info/dependency_links.txt
/home/michelle/spine_robot_gui/install/spine_robot_gui/lib/python3.10/site-packages/spine_robot_gui-1.0.0-py3.10.egg-info/SOURCES.txt
/home/michelle/spine_robot_gui/install/spine_robot_gui/lib/spine_robot_gui/main
