[0.238s] DEBUG:colcon:Command line arguments: ['/usr/bin/colcon', 'build']
[0.238s] DEBUG:colcon:Parsed command line arguments: Namespace(log_base=None, log_level=None, verb_name='build', build_base='build', install_base='install', merge_install=False, symlink_install=False, test_result_base=None, continue_on_error=False, executor='parallel', parallel_workers=22, event_handlers=None, ignore_user_meta=False, metas=['./colcon.meta'], base_paths=['.'], packages_ignore=None, packages_ignore_regex=None, paths=None, packages_up_to=None, packages_up_to_regex=None, packages_above=None, packages_above_and_dependencies=None, packages_above_depth=None, packages_select_by_dep=None, packages_skip_by_dep=None, packages_skip_up_to=None, packages_select_build_failed=False, packages_skip_build_finished=False, packages_select_test_failures=False, packages_skip_test_passed=False, packages_select=None, packages_skip=None, packages_select_regex=None, packages_skip_regex=None, packages_start=None, packages_end=None, allow_overriding=[], bazel_args=None, bazel_task=None, cmake_args=None, cmake_target=None, cmake_target_skip_unavailable=False, cmake_clean_cache=False, cmake_clean_first=False, cmake_force_configure=False, meson_args=[], ament_cmake_args=None, catkin_cmake_args=None, catkin_skip_building_tests=False, mixin_files=None, mixin=None, verb_parser=<colcon_alias.argument_parser.alias.AliasArgumentDecorator object at 0x74233e215540>, verb_extension=<colcon_core.verb.build.BuildVerb object at 0x74233e4e1210>, main=<bound method BuildVerb.main of <colcon_core.verb.build.BuildVerb object at 0x74233e4e1210>>, mixin_verb=('build',))
[0.384s] Level 1:colcon.colcon_core.package_discovery:discover_packages(colcon_meta) check parameters
[0.384s] Level 1:colcon.colcon_core.package_discovery:discover_packages(recursive) check parameters
[0.384s] Level 1:colcon.colcon_core.package_discovery:discover_packages(ignore) check parameters
[0.384s] Level 1:colcon.colcon_core.package_discovery:discover_packages(path) check parameters
[0.384s] Level 1:colcon.colcon_core.package_discovery:discover_packages(colcon_meta) discover
[0.384s] Level 1:colcon.colcon_core.package_discovery:discover_packages(recursive) discover
[0.384s] INFO:colcon.colcon_core.package_discovery:Crawling recursively for packages in '/home/michelle/spine_robot_gui'
[0.384s] Level 1:colcon.colcon_core.package_identification:_identify(.) by extensions ['ignore', 'ignore_ament_install']
[0.385s] Level 1:colcon.colcon_core.package_identification:_identify(.) by extension 'ignore'
[0.385s] Level 1:colcon.colcon_core.package_identification:_identify(.) by extension 'ignore_ament_install'
[0.385s] Level 1:colcon.colcon_core.package_identification:_identify(.) by extensions ['colcon_pkg']
[0.385s] Level 1:colcon.colcon_core.package_identification:_identify(.) by extension 'colcon_pkg'
[0.385s] Level 1:colcon.colcon_core.package_identification:_identify(.) by extensions ['colcon_meta']
[0.385s] Level 1:colcon.colcon_core.package_identification:_identify(.) by extension 'colcon_meta'
[0.385s] Level 1:colcon.colcon_core.package_identification:_identify(.) by extensions ['ros']
[0.385s] Level 1:colcon.colcon_core.package_identification:_identify(.) by extension 'ros'
[0.386s] Level 1:colcon.colcon_core.package_identification:_identify(.) by extensions ['bazel', 'cmake', 'meson', 'python']
[0.386s] Level 1:colcon.colcon_core.package_identification:_identify(.) by extension 'bazel'
[0.386s] Level 1:colcon.colcon_core.package_identification:_identify(.) by extension 'cmake'
[0.386s] Level 1:colcon.colcon_core.package_identification:_identify(.) by extension 'meson'
[0.386s] Level 1:colcon.colcon_core.package_identification:_identify(.) by extension 'python'
[0.386s] Level 1:colcon.colcon_core.package_identification:_identify(.) by extensions ['python_setup_py']
[0.386s] Level 1:colcon.colcon_core.package_identification:_identify(.) by extension 'python_setup_py'
[0.387s] Level 1:colcon.colcon_core.package_identification:_identify(build) by extensions ['ignore', 'ignore_ament_install']
[0.387s] Level 1:colcon.colcon_core.package_identification:_identify(build) by extension 'ignore'
[0.387s] Level 1:colcon.colcon_core.package_identification:_identify(build) ignored
[0.387s] Level 1:colcon.colcon_core.package_identification:_identify(install) by extensions ['ignore', 'ignore_ament_install']
[0.387s] Level 1:colcon.colcon_core.package_identification:_identify(install) by extension 'ignore'
[0.387s] Level 1:colcon.colcon_core.package_identification:_identify(install) ignored
[0.387s] Level 1:colcon.colcon_core.package_identification:_identify(log) by extensions ['ignore', 'ignore_ament_install']
[0.387s] Level 1:colcon.colcon_core.package_identification:_identify(log) by extension 'ignore'
[0.387s] Level 1:colcon.colcon_core.package_identification:_identify(log) ignored
[0.387s] Level 1:colcon.colcon_core.package_identification:_identify(src) by extensions ['ignore', 'ignore_ament_install']
[0.387s] Level 1:colcon.colcon_core.package_identification:_identify(src) by extension 'ignore'
[0.387s] Level 1:colcon.colcon_core.package_identification:_identify(src) by extension 'ignore_ament_install'
[0.387s] Level 1:colcon.colcon_core.package_identification:_identify(src) by extensions ['colcon_pkg']
[0.387s] Level 1:colcon.colcon_core.package_identification:_identify(src) by extension 'colcon_pkg'
[0.387s] Level 1:colcon.colcon_core.package_identification:_identify(src) by extensions ['colcon_meta']
[0.387s] Level 1:colcon.colcon_core.package_identification:_identify(src) by extension 'colcon_meta'
[0.387s] Level 1:colcon.colcon_core.package_identification:_identify(src) by extensions ['ros']
[0.387s] Level 1:colcon.colcon_core.package_identification:_identify(src) by extension 'ros'
[0.387s] Level 1:colcon.colcon_core.package_identification:_identify(src) by extensions ['bazel', 'cmake', 'meson', 'python']
[0.387s] Level 1:colcon.colcon_core.package_identification:_identify(src) by extension 'bazel'
[0.387s] Level 1:colcon.colcon_core.package_identification:_identify(src) by extension 'cmake'
[0.387s] Level 1:colcon.colcon_core.package_identification:_identify(src) by extension 'meson'
[0.387s] Level 1:colcon.colcon_core.package_identification:_identify(src) by extension 'python'
[0.387s] Level 1:colcon.colcon_core.package_identification:_identify(src) by extensions ['python_setup_py']
[0.387s] Level 1:colcon.colcon_core.package_identification:_identify(src) by extension 'python_setup_py'
[0.387s] Level 1:colcon.colcon_core.package_identification:_identify(src/spine_robot_gui) by extensions ['ignore', 'ignore_ament_install']
[0.387s] Level 1:colcon.colcon_core.package_identification:_identify(src/spine_robot_gui) by extension 'ignore'
[0.387s] Level 1:colcon.colcon_core.package_identification:_identify(src/spine_robot_gui) by extension 'ignore_ament_install'
[0.387s] Level 1:colcon.colcon_core.package_identification:_identify(src/spine_robot_gui) by extensions ['colcon_pkg']
[0.387s] Level 1:colcon.colcon_core.package_identification:_identify(src/spine_robot_gui) by extension 'colcon_pkg'
[0.387s] Level 1:colcon.colcon_core.package_identification:_identify(src/spine_robot_gui) by extensions ['colcon_meta']
[0.387s] Level 1:colcon.colcon_core.package_identification:_identify(src/spine_robot_gui) by extension 'colcon_meta'
[0.387s] Level 1:colcon.colcon_core.package_identification:_identify(src/spine_robot_gui) by extensions ['ros']
[0.387s] Level 1:colcon.colcon_core.package_identification:_identify(src/spine_robot_gui) by extension 'ros'
[0.389s] DEBUG:colcon.colcon_core.package_identification:Package 'src/spine_robot_gui' with type 'ros.ament_python' and name 'spine_robot_gui'
[0.389s] Level 1:colcon.colcon_core.package_discovery:discover_packages(recursive) using defaults
[0.389s] Level 1:colcon.colcon_core.package_discovery:discover_packages(ignore) discover
[0.389s] Level 1:colcon.colcon_core.package_discovery:discover_packages(ignore) using defaults
[0.389s] Level 1:colcon.colcon_core.package_discovery:discover_packages(path) discover
[0.389s] Level 1:colcon.colcon_core.package_discovery:discover_packages(path) using defaults
[0.401s] Level 1:colcon.colcon_core.package_discovery:discover_packages(prefix_path) check parameters
[0.401s] Level 1:colcon.colcon_core.package_discovery:discover_packages(prefix_path) discover
[0.403s] DEBUG:colcon.colcon_installed_package_information.package_discovery:Found 1 installed packages in /home/michelle/spine_robot_gui/install
[0.404s] DEBUG:colcon.colcon_installed_package_information.package_discovery:Found 1 installed packages in /home/michelle/rdkdc_workspace/install
[0.406s] DEBUG:colcon.colcon_installed_package_information.package_discovery:Found 521 installed packages in /opt/ros/humble
[0.408s] Level 1:colcon.colcon_core.package_discovery:discover_packages(prefix_path) using defaults
[0.445s] Level 5:colcon.colcon_core.verb:set package 'spine_robot_gui' build argument 'bazel_args' from command line to 'None'
[0.446s] Level 5:colcon.colcon_core.verb:set package 'spine_robot_gui' build argument 'bazel_task' from command line to 'None'
[0.446s] Level 5:colcon.colcon_core.verb:set package 'spine_robot_gui' build argument 'cmake_args' from command line to 'None'
[0.446s] Level 5:colcon.colcon_core.verb:set package 'spine_robot_gui' build argument 'cmake_target' from command line to 'None'
[0.446s] Level 5:colcon.colcon_core.verb:set package 'spine_robot_gui' build argument 'cmake_target_skip_unavailable' from command line to 'False'
[0.446s] Level 5:colcon.colcon_core.verb:set package 'spine_robot_gui' build argument 'cmake_clean_cache' from command line to 'False'
[0.446s] Level 5:colcon.colcon_core.verb:set package 'spine_robot_gui' build argument 'cmake_clean_first' from command line to 'False'
[0.446s] Level 5:colcon.colcon_core.verb:set package 'spine_robot_gui' build argument 'cmake_force_configure' from command line to 'False'
[0.446s] Level 5:colcon.colcon_core.verb:set package 'spine_robot_gui' build argument 'meson_args' from command line to '[]'
[0.446s] Level 5:colcon.colcon_core.verb:set package 'spine_robot_gui' build argument 'ament_cmake_args' from command line to 'None'
[0.446s] Level 5:colcon.colcon_core.verb:set package 'spine_robot_gui' build argument 'catkin_cmake_args' from command line to 'None'
[0.446s] Level 5:colcon.colcon_core.verb:set package 'spine_robot_gui' build argument 'catkin_skip_building_tests' from command line to 'False'
[0.446s] DEBUG:colcon.colcon_core.verb:Building package 'spine_robot_gui' with the following arguments: {'ament_cmake_args': None, 'bazel_args': None, 'bazel_task': None, 'build_base': '/home/michelle/spine_robot_gui/build/spine_robot_gui', 'catkin_cmake_args': None, 'catkin_skip_building_tests': False, 'cmake_args': None, 'cmake_clean_cache': False, 'cmake_clean_first': False, 'cmake_force_configure': False, 'cmake_target': None, 'cmake_target_skip_unavailable': False, 'install_base': '/home/michelle/spine_robot_gui/install/spine_robot_gui', 'merge_install': False, 'meson_args': [], 'path': '/home/michelle/spine_robot_gui/src/spine_robot_gui', 'symlink_install': False, 'test_result_base': None}
[0.446s] INFO:colcon.colcon_core.executor:Executing jobs using 'parallel' executor
[0.447s] DEBUG:colcon.colcon_parallel_executor.executor.parallel:run_until_complete
[0.447s] INFO:colcon.colcon_ros.task.ament_python.build:Building ROS package in '/home/michelle/spine_robot_gui/src/spine_robot_gui' with build type 'ament_python'
[0.447s] Level 1:colcon.colcon_core.shell:create_environment_hook('spine_robot_gui', 'ament_prefix_path')
[0.451s] INFO:colcon.colcon_core.plugin_system:Skipping extension 'colcon_core.shell.bat': Not used on non-Windows systems
[0.451s] INFO:colcon.colcon_core.shell:Creating environment hook '/home/michelle/spine_robot_gui/install/spine_robot_gui/share/spine_robot_gui/hook/ament_prefix_path.ps1'
[0.452s] INFO:colcon.colcon_core.shell:Creating environment descriptor '/home/michelle/spine_robot_gui/install/spine_robot_gui/share/spine_robot_gui/hook/ament_prefix_path.dsv'
[0.452s] INFO:colcon.colcon_core.shell:Creating environment hook '/home/michelle/spine_robot_gui/install/spine_robot_gui/share/spine_robot_gui/hook/ament_prefix_path.sh'
[0.452s] DEBUG:colcon.colcon_ros_domain_id_coordinator.shell.ros_domain_id:Allocated ROS_DOMAIN_ID=88 for '/home/michelle/spine_robot_gui/build/spine_robot_gui'
[0.452s] INFO:colcon.colcon_core.shell:Skip shell extension 'ros_domain_id' for command environment: 
[0.452s] INFO:colcon.colcon_core.shell:Skip shell extension 'powershell' for command environment: Not usable outside of PowerShell
[0.452s] DEBUG:colcon.colcon_core.shell:Skip shell extension 'dsv' for command environment
[0.679s] INFO:colcon.colcon_core.task.python.build:Building Python package in '/home/michelle/spine_robot_gui/src/spine_robot_gui'
[0.679s] DEBUG:colcon.colcon_ros_domain_id_coordinator.shell.ros_domain_id:Allocated ROS_DOMAIN_ID=88 for '/home/michelle/spine_robot_gui/build/spine_robot_gui'
[0.679s] INFO:colcon.colcon_core.shell:Skip shell extension 'ros_domain_id' for command environment: 
[0.679s] INFO:colcon.colcon_core.shell:Skip shell extension 'powershell' for command environment: Not usable outside of PowerShell
[0.679s] DEBUG:colcon.colcon_core.shell:Skip shell extension 'dsv' for command environment
[0.969s] DEBUG:colcon.colcon_core.event_handler.log_command:Invoking command in '/home/michelle/spine_robot_gui/src/spine_robot_gui': CONDA_PROMPT_MODIFIER=(base) PYTHONPATH=/home/michelle/spine_robot_gui/build/spine_robot_gui/prefix_override:/usr/lib/python3/dist-packages/colcon_core/task/python/colcon_distutils_commands:/home/michelle/spine_robot_gui/install/spine_robot_gui/lib/python3.10/site-packages:${PYTHONPATH} /usr/bin/python3 -W ignore:setup.py install is deprecated -W ignore:easy_install command is deprecated setup.py egg_info --egg-base ../../build/spine_robot_gui build --build-base /home/michelle/spine_robot_gui/build/spine_robot_gui/build install --record /home/michelle/spine_robot_gui/build/spine_robot_gui/install.log --single-version-externally-managed install_data
[1.235s] DEBUG:colcon.colcon_core.event_handler.log_command:Invoked command in '/home/michelle/spine_robot_gui/src/spine_robot_gui' returned '0': CONDA_PROMPT_MODIFIER=(base) PYTHONPATH=/home/michelle/spine_robot_gui/build/spine_robot_gui/prefix_override:/usr/lib/python3/dist-packages/colcon_core/task/python/colcon_distutils_commands:/home/michelle/spine_robot_gui/install/spine_robot_gui/lib/python3.10/site-packages:${PYTHONPATH} /usr/bin/python3 -W ignore:setup.py install is deprecated -W ignore:easy_install command is deprecated setup.py egg_info --egg-base ../../build/spine_robot_gui build --build-base /home/michelle/spine_robot_gui/build/spine_robot_gui/build install --record /home/michelle/spine_robot_gui/build/spine_robot_gui/install.log --single-version-externally-managed install_data
[1.239s] Level 1:colcon.colcon_core.environment:checking '/home/michelle/spine_robot_gui/install/spine_robot_gui' for CMake module files
[1.239s] Level 1:colcon.colcon_core.environment:checking '/home/michelle/spine_robot_gui/install/spine_robot_gui' for CMake config files
[1.240s] Level 1:colcon.colcon_core.environment:checking '/home/michelle/spine_robot_gui/install/spine_robot_gui/lib'
[1.240s] Level 1:colcon.colcon_core.environment:checking '/home/michelle/spine_robot_gui/install/spine_robot_gui/bin'
[1.240s] Level 1:colcon.colcon_core.environment:checking '/home/michelle/spine_robot_gui/install/spine_robot_gui/lib/pkgconfig/spine_robot_gui.pc'
[1.240s] Level 1:colcon.colcon_core.environment:checking '/home/michelle/spine_robot_gui/install/spine_robot_gui/lib/python3.10/site-packages'
[1.240s] Level 1:colcon.colcon_core.shell:create_environment_hook('spine_robot_gui', 'pythonpath')
[1.241s] INFO:colcon.colcon_core.shell:Creating environment hook '/home/michelle/spine_robot_gui/install/spine_robot_gui/share/spine_robot_gui/hook/pythonpath.ps1'
[1.241s] INFO:colcon.colcon_core.shell:Creating environment descriptor '/home/michelle/spine_robot_gui/install/spine_robot_gui/share/spine_robot_gui/hook/pythonpath.dsv'
[1.241s] INFO:colcon.colcon_core.shell:Creating environment hook '/home/michelle/spine_robot_gui/install/spine_robot_gui/share/spine_robot_gui/hook/pythonpath.sh'
[1.242s] Level 1:colcon.colcon_core.environment:checking '/home/michelle/spine_robot_gui/install/spine_robot_gui/bin'
[1.242s] Level 1:colcon.colcon_core.environment:create_environment_scripts_only(spine_robot_gui)
[1.242s] INFO:colcon.colcon_core.shell:Creating package script '/home/michelle/spine_robot_gui/install/spine_robot_gui/share/spine_robot_gui/package.ps1'
[1.243s] INFO:colcon.colcon_core.shell:Creating package descriptor '/home/michelle/spine_robot_gui/install/spine_robot_gui/share/spine_robot_gui/package.dsv'
[1.244s] INFO:colcon.colcon_core.shell:Creating package script '/home/michelle/spine_robot_gui/install/spine_robot_gui/share/spine_robot_gui/package.sh'
[1.244s] INFO:colcon.colcon_core.shell:Creating package script '/home/michelle/spine_robot_gui/install/spine_robot_gui/share/spine_robot_gui/package.bash'
[1.245s] INFO:colcon.colcon_core.shell:Creating package script '/home/michelle/spine_robot_gui/install/spine_robot_gui/share/spine_robot_gui/package.zsh'
[1.246s] Level 1:colcon.colcon_core.environment:create_file_with_runtime_dependencies(/home/michelle/spine_robot_gui/install/spine_robot_gui/share/colcon-core/packages/spine_robot_gui)
[1.247s] DEBUG:colcon.colcon_parallel_executor.executor.parallel:closing loop
[1.247s] DEBUG:colcon.colcon_ros_domain_id_coordinator.shell.ros_domain_id:Released ROS_DOMAIN_ID=88 for '/home/michelle/spine_robot_gui/build/spine_robot_gui'
[1.247s] DEBUG:colcon.colcon_parallel_executor.executor.parallel:loop closed
[1.247s] DEBUG:colcon.colcon_parallel_executor.executor.parallel:run_until_complete finished with '0'
[1.247s] DEBUG:colcon.colcon_core.event_reactor:joining thread
[1.251s] INFO:colcon.colcon_core.plugin_system:Skipping extension 'colcon_notification.desktop_notification.terminal_notifier': Not used on non-Darwin systems
[1.252s] INFO:colcon.colcon_core.plugin_system:Skipping extension 'colcon_notification.desktop_notification.win32': Not used on non-Windows systems
[1.252s] INFO:colcon.colcon_notification.desktop_notification:Sending desktop notification using 'notify2'
[1.259s] DEBUG:colcon.colcon_core.event_reactor:joined thread
[1.259s] INFO:colcon.colcon_core.shell:Creating prefix script '/home/michelle/spine_robot_gui/install/local_setup.ps1'
[1.260s] INFO:colcon.colcon_core.shell:Creating prefix util module '/home/michelle/spine_robot_gui/install/_local_setup_util_ps1.py'
[1.262s] INFO:colcon.colcon_core.shell:Creating prefix chain script '/home/michelle/spine_robot_gui/install/setup.ps1'
[1.263s] INFO:colcon.colcon_core.shell:Creating prefix script '/home/michelle/spine_robot_gui/install/local_setup.sh'
[1.263s] INFO:colcon.colcon_core.shell:Creating prefix util module '/home/michelle/spine_robot_gui/install/_local_setup_util_sh.py'
[1.264s] INFO:colcon.colcon_core.shell:Creating prefix chain script '/home/michelle/spine_robot_gui/install/setup.sh'
[1.264s] INFO:colcon.colcon_core.shell:Creating prefix script '/home/michelle/spine_robot_gui/install/local_setup.bash'
[1.265s] INFO:colcon.colcon_core.shell:Creating prefix chain script '/home/michelle/spine_robot_gui/install/setup.bash'
[1.265s] INFO:colcon.colcon_core.shell:Creating prefix script '/home/michelle/spine_robot_gui/install/local_setup.zsh'
[1.265s] INFO:colcon.colcon_core.shell:Creating prefix chain script '/home/michelle/spine_robot_gui/install/setup.zsh'
[1.266s] INFO:colcon.colcon_core.shell:Creating '/home/michelle/spine_robot_gui/install/spawn_shell.bash'
